// Jest Snapshot v1, https://goo.gl/fbAQLP

exports[`Register Component Register Component snapshot 1`] = `
<DocumentFragment>
  <section
    class="form-wrapper register-form-wrapper"
  >
    <div
      class="form-header-wrapper"
    >
      <div
        class="form-header-heading-container"
      >
        <h1
          class="form-header-heading"
        >
          Регистрация
        </h1>
      </div>
      <div
        class="form-header-image-container"
      >
        <img
          alt="vine"
          class="form-header-image"
          src="https://res.cloudinary.com/dyhmxus4n/image/upload/v1615712293/React%20Project/grape_border_ogd8gq.png"
        />
      </div>
      <h1
        class="form-header-heading-hidden"
      >
        Регистрация
      </h1>
    </div>
    <form
      class="form-container"
    >
      <div
        class="form-field-wrapper"
      >
        <div
          class="form-field-heading"
        >
          <label
            for="username"
          >
            Потребителско име:*
          </label>
        </div>
        <input
          class="form-field-input"
          id="username"
          name="username"
          required=""
          type="text"
          value=""
        />
      </div>
      <div
        class="form-field-wrapper"
      >
        <div
          class="form-field-heading"
        >
          <label
            for="password"
          >
            Парола:*
          </label>
        </div>
        <input
          class="form-field-input"
          id="password"
          name="password"
          required=""
          type="password"
          value=""
        />
      </div>
      <div
        class="form-field-wrapper"
      >
        <div
          class="form-field-heading"
        >
          <label
            for="rePassword"
          >
            Повторете паролата:*
          </label>
        </div>
        <input
          class="form-field-input"
          id="rePassword"
          name="rePassword"
          required=""
          type="password"
          value=""
        />
      </div>
      <div
        class="form-field-wrapper"
      >
        <div
          class="form-field-heading"
        >
          <label
            for="avatarUrl"
          >
            URL профилна снимка:
          </label>
        </div>
        <input
          class="form-field-input"
          id="avatarUrl"
          name="avatarUrl"
          type="avatarUrl"
          value=""
        />
      </div>
      <span
        class="form-info-span"
      >
        Полетата, отбелязани със (*) са задъжлителни
      </span>
      <div
        class="form-error-div"
      />
      <div
        class="form-button-wrapper"
      >
        <input
          class="form-button auth-form-button"
          type="submit"
          value="ИЗПРАТИ"
        />
      </div>
    </form>
  </section>
</DocumentFragment>
`;
