// Jest Snapshot v1, https://goo.gl/fbAQLP

exports[`CreateDestination Component CreateDestination Component snapshot 1`] = `
<DocumentFragment>
  <section
    class="form-wrapper add-destination-form-wrapper"
  >
    <div
      class="form-header-wrapper"
    >
      <div
        class="form-header-heading-container"
      >
        <h1
          class="form-header-heading"
        >
          Нова дестинация
        </h1>
      </div>
      <div
        class="form-header-image-container"
      >
        <img
          alt="vine"
          class="form-header-image"
          src="https://res.cloudinary.com/dyhmxus4n/image/upload/v1615712293/React%20Project/grape_border_ogd8gq.png"
        />
      </div>
      <h1
        class="form-header-heading-hidden"
      >
        Нова дестинация
      </h1>
    </div>
    <form
      class="form-container"
    >
      <div
        class="form-field-wrapper"
      >
        <div
          class="form-field-heading"
        >
          <label
            for="name"
          >
            Име:
          </label>
        </div>
        <input
          class="form-field-input"
          id="name"
          name="name"
          required=""
          type="text"
        />
      </div>
      <div
        class="form-field-wrapper"
      >
        <div
          class="form-field-heading"
        >
          <label
            for="address"
          >
            Адрес:
          </label>
        </div>
        <input
          class="form-field-input"
          id="address"
          name="address"
          required=""
          type="text"
        />
      </div>
      <div
        class="form-field-wrapper"
      >
        <div
          class="form-field-heading"
        >
          <label
            for="latitude"
          >
            Географска ширина:
          </label>
        </div>
        <input
          class="form-field-input"
          id="latitude"
          name="latitude"
          placeholder="пример: 24.1751"
          required=""
          step="0.0001"
          type="number"
        />
      </div>
      <div
        class="form-field-wrapper"
      >
        <div
          class="form-field-heading"
        >
          <label
            for="longitude"
          >
            Географска дължина:
          </label>
        </div>
        <input
          class="form-field-input"
          id="longitude"
          name="longitude"
          placeholder="пример: 42.2658"
          required=""
          step="0.0001"
          type="number"
        />
      </div>
      <div
        class="form-field-wrapper"
      >
        <div
          class="form-field-heading"
        >
          <label
            for="description"
          >
            Описание:
          </label>
        </div>
        <textarea
          class="form-field-input textarea"
          id="description"
          name="description"
          required=""
          rows="11"
        />
      </div>
      <div
        class="form-field-wrapper"
      >
        <div
          class="form-field-heading"
        >
          <label
            for="services"
          >
            Услуги:
          </label>
        </div>
        <input
          class="form-field-input"
          id="services"
          name="services"
          required=""
          type="text"
        />
      </div>
      <div
        class="form-field-wrapper"
      >
        <div
          class="form-field-heading"
        >
          <label
            for="logoUrl"
          >
            URL лого:
          </label>
        </div>
        <input
          class="form-field-input"
          id="logoUrl"
          name="logoUrl"
          required=""
          type="text"
        />
      </div>
      <div
        class="form-field-wrapper"
      >
        <div
          class="form-field-heading"
        >
          <label
            for="imageUrl1"
          >
            URL снимка 1:
          </label>
        </div>
        <input
          class="form-field-input"
          id="imageUrl1"
          name="imageUrl1"
          required=""
          type="text"
        />
      </div>
      <div
        class="form-field-wrapper"
      >
        <div
          class="form-field-heading"
        >
          <label
            for="imageUrl2"
          >
            URL снимка 2:
          </label>
        </div>
        <input
          class="form-field-input"
          id="imageUrl2"
          name="imageUrl2"
          required=""
          type="text"
        />
      </div>
      <div
        class="form-field-wrapper"
      >
        <div
          class="form-field-heading"
        >
          <label
            for="mapUrl"
          >
            URL карта:
          </label>
        </div>
        <input
          class="form-field-input"
          id="mapUrl"
          name="mapUrl"
          required=""
          type="text"
        />
      </div>
      <div
        class="form-button-wrapper"
      >
        <input
          class="form-button"
          type="submit"
          value="ИЗПРАТИ"
        />
      </div>
    </form>
  </section>
</DocumentFragment>
`;
